test.log

add test file
